I'm sorry, but errors were detected in your script. Please correct the
errors listed below, and try again.


File "game/script.rpy", line 29: indentation mismatch.

Ren'Py Version: Ren'Py 7.4.8.1895
Wed Nov 10 14:52:49 2021
